[2026-02-25 19:16:10] A.T.L.A.S initialized | Version 0.1.0 | Mode: development
[2026-02-25 19:18:50] A.T.L.A.S initialized | Version 0.1.0 | Mode: development
[2026-02-25 19:24:37] A.T.L.A.S initialized | Version 0.1.0 | Mode: development | Boot #2
[2026-02-25 19:24:42] A.T.L.A.S initialized | Version 0.1.0 | Mode: development | Boot #3
[2026-02-25 19:29:07] New milestone recorded: Initial identity core created.
[2026-02-25 19:29:07] A.T.L.A.S initialized | Version 0.1.0 | Mode: development | Boot #4
[2026-02-25 19:31:04] A.T.L.A.S initialized | Version 0.1.0 | Mode: development | Boot #5
[2026-02-25 19:49:11] A.T.L.A.S initialized | Version 0.1.0 | Mode: development | Boot #6
[2026-02-25 19:51:42] New milestone recorded: Daemon runtime v0.1 integrated.
[2026-02-25 19:51:42] A.T.L.A.S initialized | Version 0.1.0 | Mode: development | Boot #7
[2026-02-25 19:56:43] A.T.L.A.S initialized | Version 0.1.0 | Mode: development | Boot #8
[2026-02-25 20:01:42] A.T.L.A.S initialized | Version 0.1.0 | Mode: development | Boot #9
[2026-02-25 20:09:18] A.T.L.A.S initialized | Version 0.1.0 | Mode: development | Boot #10
[2026-02-25 20:13:11] A.T.L.A.S initialized | Version 0.1.0 | Mode: development | Boot #11
[2026-02-25 20:25:50] A.T.L.A.S initialized | Version 0.1.0 | Mode: development | Boot #12
[2026-02-25 20:48:05] A.T.L.A.S initialized | Version 0.1.0 | Mode: development | Boot #13
[2026-02-25 21:11:51] A.T.L.A.S initialized | Version 0.1.0 | Mode: development | Boot #14
[2026-02-25 21:12:23] A.T.L.A.S initialized | Version 0.1.0 | Mode: development | Boot #15
[2026-02-25 21:16:46] A.T.L.A.S initialized | Version 0.1.0 | Mode: development | Boot #16
[2026-02-25 21:20:42] A.T.L.A.S initialized | Version 0.1.0 | Mode: development | Boot #17
[2026-02-25 21:27:40] A.T.L.A.S initialized | Version 0.1.0 | Mode: development | Boot #18
[2026-02-25 21:32:49] A.T.L.A.S initialized | Version 0.1.0 | Mode: development | Boot #19
[2026-02-25 21:35:10] A.T.L.A.S initialized | Version 0.1.0 | Mode: development | Boot #20
[2026-02-25 21:41:11] A.T.L.A.S initialized | Version 0.1.0 | Mode: development | Boot #21
[2026-02-25 22:08:32] A.T.L.A.S initialized | Version 0.1.0 | Mode: development | Boot #22
[2026-02-25 23:17:17] A.T.L.A.S initialized | Version 0.1.0 | Mode: development | Boot #23
[2026-02-25 23:25:53] A.T.L.A.S initialized | Version 0.1.0 | Mode: development | Boot #24
[2026-02-25 23:45:21] A.T.L.A.S initialized | Version 0.1.0 | Mode: development | Boot #25
[2026-02-26 00:17:57] A.T.L.A.S initialized | Version 0.1.0 | Mode: development | Boot #26
[2026-02-26 00:46:43] A.T.L.A.S initialized | Version 0.1.0 | Mode: development | Boot #27
[2026-02-26 00:49:33] A.T.L.A.S initialized | Version 0.1.0 | Mode: development | Boot #28
[2026-02-26 00:50:12] A.T.L.A.S initialized | Version 0.1.0 | Mode: development | Boot #29
[2026-02-26 01:02:23] A.T.L.A.S initialized | Version 0.1.0 | Mode: development | Boot #30
[2026-02-26 01:03:41] A.T.L.A.S initialized | Version 0.1.0 | Mode: development | Boot #31
[2026-02-26 01:05:48] A.T.L.A.S initialized | Version 0.1.0 | Mode: development | Boot #32
[2026-02-26 02:15:06] A.T.L.A.S initialized | Version 0.1.0 | Mode: development | Boot #33
[2026-02-26 02:17:57] A.T.L.A.S initialized | Version 0.1.0 | Mode: development | Boot #34
[2026-02-26 02:18:49] A.T.L.A.S initialized | Version 0.1.0 | Mode: development | Boot #35
[2026-02-26 02:19:06] A.T.L.A.S initialized | Version 0.1.0 | Mode: development | Boot #36
[2026-02-26 02:42:14] A.T.L.A.S initialized | Version 0.1.0 | Mode: development | Boot #37
[2026-02-26 03:01:14] A.T.L.A.S initialized | Version 0.1.0 | Mode: development | Boot #38
[2026-02-26 03:03:47] A.T.L.A.S initialized | Version 0.1.0 | Mode: development | Boot #39
[2026-02-26 03:07:56] New milestone recorded: Cognitive state abstraction and runtime_v0_4 integrated.
[2026-02-26 03:07:56] A.T.L.A.S initialized | Version 0.1.0 | Mode: development | Boot #40
[2026-02-26 13:21:10] A.T.L.A.S initialized | Version 0.1.0 | Mode: development | Boot #41
[2026-02-26 13:56:41] A.T.L.A.S initialized | Version 0.1.0 | Mode: development | Boot #42
[2026-02-26 13:57:08] A.T.L.A.S initialized | Version 0.1.0 | Mode: development | Boot #43
[2026-02-26 14:11:01] A.T.L.A.S initialized | Version 0.1.0 | Mode: development | Boot #44
[2026-02-26 14:15:24] A.T.L.A.S initialized | Version 0.1.0 | Mode: development | Boot #45
[2026-02-26 21:30:29] A.T.L.A.S initialized | Version 0.1.0 | Mode: development | Boot #46
[2026-02-26 21:32:49] A.T.L.A.S initialized | Version 0.1.0 | Mode: development | Boot #47
[2026-02-26 23:56:00] A.T.L.A.S initialized | Version 0.1.0 | Mode: development | Boot #48
[2026-02-27 16:37:36] A.T.L.A.S initialized | Version 0.1.0 | Mode: development | Boot #49
[2026-02-27 16:38:05] A.T.L.A.S initialized | Version 0.1.0 | Mode: development | Boot #50
[2026-02-27 16:45:30] New milestone recorded: Milestone 4: Self-Regulating Cognitive Architecture Achieved.
[2026-02-27 16:45:30] A.T.L.A.S initialized | Version 0.1.0 | Mode: development | Boot #51
[2026-03-02 02:21:56] New milestone recorded: Milestone 5: Infrastructure Abstraction Layer Completed — Model-Ready Architecture
[2026-03-02 02:21:56] A.T.L.A.S initialized | Version 0.1.0 | Mode: development | Boot #52
[2026-03-02 02:25:56] A.T.L.A.S initialized | Version 0.1.0 | Mode: development | Boot #53
[2026-03-02 12:49:02] A.T.L.A.S initialized | Version 0.1.0 | Mode: development | Boot #54
[2026-03-02 12:58:20] A.T.L.A.S initialized | Version 0.1.0 | Mode: development | Boot #55
[2026-03-02 13:08:32] A.T.L.A.S initialized | Version 0.1.0 | Mode: development | Boot #56
[2026-03-02 13:14:32] A.T.L.A.S initialized | Version 0.1.0 | Mode: development | Boot #57
[2026-03-03 00:06:01] A.T.L.A.S initialized | Version 0.1.0 | Mode: development | Boot #58
[2026-03-03 00:19:11] A.T.L.A.S initialized | Version 0.1.0 | Mode: development | Boot #59
[2026-03-03 00:29:01] A.T.L.A.S initialized | Version 0.1.0 | Mode: development | Boot #60
[2026-03-03 00:37:06] A.T.L.A.S initialized | Version 0.1.0 | Mode: development | Boot #61
[2026-03-03 00:42:59] A.T.L.A.S initialized | Version 0.1.0 | Mode: development | Boot #62
[2026-03-03 00:50:24] A.T.L.A.S initialized | Version 0.1.0 | Mode: development | Boot #63
[2026-03-03 01:23:47] A.T.L.A.S initialized | Version 0.1.0 | Mode: development | Boot #64
[2026-03-03 01:33:20] A.T.L.A.S initialized | Version 0.1.0 | Mode: development | Boot #65
[2026-03-03 01:39:42] A.T.L.A.S initialized | Version 0.1.0 | Mode: development | Boot #66
[2026-03-03 01:44:33] A.T.L.A.S initialized | Version 0.1.0 | Mode: development | Boot #67
[2026-03-03 01:50:30] A.T.L.A.S initialized | Version 0.1.0 | Mode: development | Boot #68
[2026-03-03 02:05:10] A.T.L.A.S initialized | Version 0.1.0 | Mode: development | Boot #69
[2026-03-03 13:43:44] A.T.L.A.S initialized | Version 0.1.0 | Mode: development | Boot #70
[2026-03-03 13:52:27] A.T.L.A.S initialized | Version 0.1.0 | Mode: development | Boot #71
[2026-03-03 18:47:54] A.T.L.A.S initialized | Version 0.1.0 | Mode: development | Boot #72
[2026-03-03 19:00:12] A.T.L.A.S initialized | Version 0.1.0 | Mode: development | Boot #73
[2026-03-03 19:00:22] A.T.L.A.S initialized | Version 0.1.0 | Mode: development | Boot #74
[2026-03-03 19:04:13] A.T.L.A.S initialized | Version 0.1.0 | Mode: development | Boot #75
[2026-03-03 19:18:10] A.T.L.A.S initialized | Version 0.1.0 | Mode: development | Boot #76
[2026-03-03 19:24:02] A.T.L.A.S initialized | Version 0.1.0 | Mode: development | Boot #77
[2026-03-03 19:24:36] A.T.L.A.S initialized | Version 0.1.0 | Mode: development | Boot #78
[2026-03-04 11:22:54] A.T.L.A.S initialized | Version 0.1.0 | Mode: development | Boot #79
[2026-03-04 12:38:38] A.T.L.A.S initialized | Version 0.1.0 | Mode: development | Boot #80
[2026-03-04 16:20:24] A.T.L.A.S initialized | Version 0.1.0 | Mode: development | Boot #81
[2026-03-04 19:26:02] A.T.L.A.S initialized | Version 0.1.0 | Mode: development | Boot #82
[2026-03-04 20:30:15] A.T.L.A.S initialized | Version 0.1.0 | Mode: development | Boot #83
[2026-03-05 22:00:41] A.T.L.A.S initialized | Version 0.1.0 | Mode: development | Boot #84
[2026-03-05 22:02:14] A.T.L.A.S initialized | Version 0.1.0 | Mode: development | Boot #85
[2026-03-06 01:51:45] A.T.L.A.S initialized | Version 0.1.0 | Mode: development | Boot #86
[2026-03-06 01:55:19] A.T.L.A.S initialized | Version 0.1.0 | Mode: development | Boot #87
[2026-03-06 14:14:16] A.T.L.A.S initialized | Version 0.1.0 | Mode: development | Boot #88
[2026-03-06 14:29:23] A.T.L.A.S initialized | Version 0.1.0 | Mode: development | Boot #89
[2026-03-06 14:34:36] A.T.L.A.S initialized | Version 0.1.0 | Mode: development | Boot #90
[2026-03-06 14:42:25] A.T.L.A.S initialized | Version 0.1.0 | Mode: development | Boot #91
[2026-03-06 14:43:27] A.T.L.A.S initialized | Version 0.1.0 | Mode: development | Boot #92
[2026-03-06 14:48:53] A.T.L.A.S initialized | Version 0.1.0 | Mode: development | Boot #93
[2026-03-06 14:51:08] A.T.L.A.S initialized | Version 0.1.0 | Mode: development | Boot #94
[2026-03-06 15:00:07] A.T.L.A.S initialized | Version 0.1.0 | Mode: development | Boot #95
[2026-03-06 15:00:19] A.T.L.A.S initialized | Version 0.1.0 | Mode: development | Boot #96
[2026-03-06 15:09:40] A.T.L.A.S initialized | Version 0.1.0 | Mode: development | Boot #97
[2026-03-06 15:10:31] A.T.L.A.S initialized | Version 0.1.0 | Mode: development | Boot #98
[2026-03-06 15:14:28] A.T.L.A.S initialized | Version 0.1.0 | Mode: development | Boot #99
[2026-03-06 15:15:00] A.T.L.A.S initialized | Version 0.1.0 | Mode: development | Boot #100
